
===== run 2026-10-01T13:30:14 (probe=False sample=None) =====
[env] ARBITRUM_HTTP_RPC set=True  ETH_RPC_URL set=False (値はログに出さない)
[cache] loaded fbcb=10 from fbcb_cache.json
[in] cctp=210 native=117 total=327
[in] result/T4_cctp/deposit_cctp_latency.csv / result/T4_cctp/finality_timeline.csv / result/deposit_latency.csv / result/deposit_t1_l1_enriched.csv
[phase1] findBatchContainingBlock for 327 unique L2 blocks
  [phase1] 1/327 (calls=0 cache=1)
  [phase1] 50/327 (calls=45 cache=5)
  [phase1] 100/327 (calls=95 cache=5)
  [phase1] 150/327 (calls=140 cache=10)
  [phase1] 200/327 (calls=190 cache=10)
  [phase1] 250/327 (calls=240 cache=10)
  [phase1] 300/327 (calls=290 cache=10)
[phase1] done: unique batch_seq=269 (range 1081809..1267629)  121s
[phase2a] merged windows = 15 intervals, 68103 L1 blocks (per-transfer window = old_l1_block -50..+1000)
  [sweep 1/15] L1 [23888364..23889414] logs=172 map=172 (122s)
  [sweep 2/15] L1 [23896829..23898419] logs=247 map=419 (123s)
  [sweep 3/15] L1 [23903995..23905627] logs=178 map=597 (123s)
  [sweep 4/15] L1 [23910103..23911990] logs=327 map=924 (125s)
  [sweep 5/15] L1 [23923464..23924527] logs=249 map=1173 (126s)
  [sweep 6/15] L1 [23930562..23932377] logs=295 map=1468 (127s)
  [sweep 7/15] L1 [23936789..23938764] logs=495 map=1963 (128s)
  [sweep 8/15] L1 [23940202..23941292] logs=226 map=2189 (129s)
  [sweep 9/15] L1 [23944151..23945212] logs=267 map=2456 (130s)
  [sweep 10/15] L1 [23950337..23951417] logs=244 map=2700 (131s)
  [sweep 11/15] L1 [23959675..23960733] logs=248 map=2948 (132s)
  [sweep 12/15] L1 [23965663..23967513] logs=338 map=3286 (133s)
  [sweep 13/15] L1 [25227528..25228578] logs=111 map=3397 (133s)
  [sweep 14/15] L1 [25248585..25289303] logs=5290 map=8687 (142s)
  [sweep 15/15] L1 [25291929..25301098] logs=856 map=9543 (143s)
[phase2a] seq->L1 map size = 9543
[phase2b] seq not found in merged sweep: 0
[phase3] eth_getBlockByNumber for 266 unique L1 blocks
  [phase3] 50/266
  [phase3] 100/266
  [phase3] 150/266
  [phase3] 200/266
  [phase3] 250/266
[phase3] complete rows = 327/327   268s
[check] findBatchContainingBlock at block-1 / block / block+1
  id=122(cctp) blk=471526835: 1265350 / 1265350 / 1265350
  id=165(cctp) blk=472014034: 1266326 / 1266326 / 1266326
  id=185(cctp) blk=472388309: 1267098 / 1267098 / 1267098
WROTE batch_refix.csv (327 rows)
WROTE summary.txt
[done] 272s stats={'rpc_calls': 613, 'retries': 0, 'failover': 0, 'chunk_shrinks': 0, 'fbcb_calls': 326, 'getlogs_calls': 21, 'getblock_calls': 266, 'cache_hits': 10}
